[0/1] Planning build
Building for debugging...
[0/5] Write sources
[1/5] Write swift-version--58304C5D6DBC2206.txt
[3/5] Compiling HyperTests SensitiveClipboardPolicyTests.swift
[4/5] Emitting module HyperTests
[4/6] Write Objects.LinkFileList
[5/6] Linking HyperPackageTests
Build complete! (1.68s)
Test Suite 'Selected tests' started at 2026-08-27 22:36:53.895.
Test Suite 'HyperPackageTests.xctest' started at 2026-08-27 22:36:53.897.
Test Suite 'SensitiveClipboardPolicyTests' started at 2026-08-27 22:36:53.897.
Test Case '-[HyperTests.SensitiveClipboardPolicyTests testConcealedMarkerIsNeverSavedByDefault]' started.
Test Case '-[HyperTests.SensitiveClipboardPolicyTests testConcealedMarkerIsNeverSavedByDefault]' passed (0.182 seconds).
Test Case '-[HyperTests.SensitiveClipboardPolicyTests testDestructiveClassifierRejectsStructuredAndNumericFalsePositives]' started.
Test Case '-[HyperTests.SensitiveClipboardPolicyTests testDestructiveClassifierRejectsStructuredAndNumericFalsePositives]' passed (0.009 seconds).
Test Case '-[HyperTests.SensitiveClipboardPolicyTests testExpiredSensitiveRecordConvergesPermanentlyAfterRestart]' started.
Test Case '-[HyperTests.SensitiveClipboardPolicyTests testExpiredSensitiveRecordConvergesPermanentlyAfterRestart]' passed (0.044 seconds).
Test Case '-[HyperTests.SensitiveClipboardPolicyTests testLegacyRecordWithoutPrivacyKeysDecodesAsOrdinary]' started.
Test Case '-[HyperTests.SensitiveClipboardPolicyTests testLegacyRecordWithoutPrivacyKeysDecodesAsOrdinary]' passed (0.005 seconds).
Test Case '-[HyperTests.SensitiveClipboardPolicyTests testOneTimeRecordDeletesOnlyAfterSuccessfulPasteCommit]' started.
Test Case '-[HyperTests.SensitiveClipboardPolicyTests testOneTimeRecordDeletesOnlyAfterSuccessfulPasteCommit]' passed (0.153 seconds).
Test Case '-[HyperTests.SensitiveClipboardPolicyTests testPinnedURLFalsePositiveSurvivesDefaultSensitiveTTL]' started.
Test Case '-[HyperTests.SensitiveClipboardPolicyTests testPinnedURLFalsePositiveSurvivesDefaultSensitiveTTL]' passed (0.018 seconds).
Test Case '-[HyperTests.SensitiveClipboardPolicyTests testQueuedOneTimeDeletesOnlyAfterDurableDequeueCommit]' started.
Test Case '-[HyperTests.SensitiveClipboardPolicyTests testQueuedOneTimeDeletesOnlyAfterDurableDequeueCommit]' passed (0.018 seconds).
Test Case '-[HyperTests.SensitiveClipboardPolicyTests testQueuedOneTimeSurvivesDequeuePersistenceFailure]' started.
Test Case '-[HyperTests.SensitiveClipboardPolicyTests testQueuedOneTimeSurvivesDequeuePersistenceFailure]' passed (0.018 seconds).
Test Case '-[HyperTests.SensitiveClipboardPolicyTests testQueuedOneTimeSurvivesEventDeliveryFailure]' started.
Test Case '-[HyperTests.SensitiveClipboardPolicyTests testQueuedOneTimeSurvivesEventDeliveryFailure]' passed (0.029 seconds).
Test Case '-[HyperTests.SensitiveClipboardPolicyTests testQueuedOneTimeSurvivesInvalidatedDequeueCommit]' started.
Test Case '-[HyperTests.SensitiveClipboardPolicyTests testQueuedOneTimeSurvivesInvalidatedDequeueCommit]' passed (0.019 seconds).
Test Case '-[HyperTests.SensitiveClipboardPolicyTests testQueuedOneTimeSurvivesPermissionRefusal]' started.
Test Case '-[HyperTests.SensitiveClipboardPolicyTests testQueuedOneTimeSurvivesPermissionRefusal]' passed (0.031 seconds).
Test Case '-[HyperTests.SensitiveClipboardPolicyTests testRiskClassifierExplainsConcealedOTPPasswordAndPrivateKey]' started.
Test Case '-[HyperTests.SensitiveClipboardPolicyTests testRiskClassifierExplainsConcealedOTPPasswordAndPrivateKey]' passed (0.006 seconds).
Test Case '-[HyperTests.SensitiveClipboardPolicyTests testSensitivePoliciesSkipExpireAndOneTime]' started.
Test Case '-[HyperTests.SensitiveClipboardPolicyTests testSensitivePoliciesSkipExpireAndOneTime]' passed (0.198 seconds).
Test Case '-[HyperTests.SensitiveClipboardPolicyTests testSensitivePolicyAndPrivacyPauseRoundTripInIsolatedConfig]' started.
Test Case '-[HyperTests.SensitiveClipboardPolicyTests testSensitivePolicyAndPrivacyPauseRoundTripInIsolatedConfig]' passed (0.007 seconds).
Test Case '-[HyperTests.SensitiveClipboardPolicyTests testTemporaryPauseCapturesNothingAndResumeDoesNotBackfill]' started.
Test Case '-[HyperTests.SensitiveClipboardPolicyTests testTemporaryPauseCapturesNothingAndResumeDoesNotBackfill]' passed (0.016 seconds).
Test Suite 'SensitiveClipboardPolicyTests' passed at 2026-08-27 22:36:54.652.
	 Executed 15 tests, with 0 failures (0 unexpected) in 0.754 (0.756) seconds
Test Suite 'HyperPackageTests.xctest' passed at 2026-08-27 22:36:54.652.
	 Executed 15 tests, with 0 failures (0 unexpected) in 0.754 (0.756) seconds
Test Suite 'Selected tests' passed at 2026-08-27 22:36:54.652.
	 Executed 15 tests, with 0 failures (0 unexpected) in 0.754 (0.757) seconds
◇ Test run started.
↳ Testing Library Version: 1501
↳ Target Platform: arm64e-apple-macos14.0
✔ Test run with 0 tests in 0 suites passed after 0.001 seconds.
Building for debugging...
[0/4] Write swift-version--58304C5D6DBC2206.txt
Build complete! (0.12s)
Test Suite 'Selected tests' started at 2026-08-27 22:37:00.191.
Test Suite 'HyperPackageTests.xctest' started at 2026-08-27 22:37:00.192.
Test Suite 'ClipboardManagerPasteTests' started at 2026-08-27 22:37:00.192.
Test Case '-[HyperTests.ClipboardManagerPasteTests testAccessibilityRevokedDuringActivationDoesNotSendOrConsumeAndRollsBack]' started.
Test Case '-[HyperTests.ClipboardManagerPasteTests testAccessibilityRevokedDuringActivationDoesNotSendOrConsumeAndRollsBack]' passed (0.112 seconds).
Test Case '-[HyperTests.ClipboardManagerPasteTests testBatchCopyPreflightsEveryItemAndDoesNotSilentlyCopyOnlySurvivors]' started.
Test Case '-[HyperTests.ClipboardManagerPasteTests testBatchCopyPreflightsEveryItemAndDoesNotSilentlyCopyOnlySurvivors]' passed (0.030 seconds).
Test Case '-[HyperTests.ClipboardManagerPasteTests testCancellingFixtureWorkLetsManagersDeallocateBeforeCallbacksFire]' started.
Test Case '-[HyperTests.ClipboardManagerPasteTests testCancellingFixtureWorkLetsManagersDeallocateBeforeCallbacksFire]' passed (0.012 seconds).
Test Case '-[HyperTests.ClipboardManagerPasteTests testConsecutivePastesCancelOlderRestoreAndRestoreOriginalSnapshot]' started.
Test Case '-[HyperTests.ClipboardManagerPasteTests testConsecutivePastesCancelOlderRestoreAndRestoreOriginalSnapshot]' passed (0.012 seconds).
Test Case '-[HyperTests.ClipboardManagerPasteTests testEventDeliveryFailureRollsBackPreparedQueueDequeue]' started.
Test Case '-[HyperTests.ClipboardManagerPasteTests testEventDeliveryFailureRollsBackPreparedQueueDequeue]' passed (0.010 seconds).
Test Case '-[HyperTests.ClipboardManagerPasteTests testFailedPasteClearsStaleRestoreSnapshotBeforeTheNextPaste]' started.
Test Case '-[HyperTests.ClipboardManagerPasteTests testFailedPasteClearsStaleRestoreSnapshotBeforeTheNextPaste]' passed (0.017 seconds).
Test Case '-[HyperTests.ClipboardManagerPasteTests testFailureRollbackCASPreservesAUserCopyMadeDuringActivation]' started.
Test Case '-[HyperTests.ClipboardManagerPasteTests testFailureRollbackCASPreservesAUserCopyMadeDuringActivation]' passed (0.010 seconds).
Test Case '-[HyperTests.ClipboardManagerPasteTests testIncompatibleMergedBatchIsAFullPreflightFailure]' started.
Test Case '-[HyperTests.ClipboardManagerPasteTests testIncompatibleMergedBatchIsAFullPreflightFailure]' passed (0.014 seconds).
Test Case '-[HyperTests.ClipboardManagerPasteTests testMissingPayloadDoesNotCommitQueuedItem]' started.
Test Case '-[HyperTests.ClipboardManagerPasteTests testMissingPayloadDoesNotCommitQueuedItem]' passed (0.015 seconds).
Test Case '-[HyperTests.ClipboardManagerPasteTests testPasteAsSelectionRunsThroughManagerAndPublishesTheRequestedContract]' started.
Test Case '-[HyperTests.ClipboardManagerPasteTests testPasteAsSelectionRunsThroughManagerAndPublishesTheRequestedContract]' passed (0.015 seconds).
Test Case '-[HyperTests.ClipboardManagerPasteTests testPendingRestoreDoesNotOverwriteCopyMadeByUser]' started.
Test Case '-[HyperTests.ClipboardManagerPasteTests testPendingRestoreDoesNotOverwriteCopyMadeByUser]' passed (0.008 seconds).
Test Case '-[HyperTests.ClipboardManagerPasteTests testPermissionDenialRetainsQueueAndGrantCanRetryWithoutRestart]' started.
Test Case '-[HyperTests.ClipboardManagerPasteTests testPermissionDenialRetainsQueueAndGrantCanRetryWithoutRestart]' passed (0.011 seconds).
Test Case '-[HyperTests.ClipboardManagerPasteTests testQueueCommitsExactlyOnceAfterSuccessfulEventDelivery]' started.
Test Case '-[HyperTests.ClipboardManagerPasteTests testQueueCommitsExactlyOnceAfterSuccessfulEventDelivery]' passed (0.019 seconds).
Test Case '-[HyperTests.ClipboardManagerPasteTests testQueueEditDuringActivationCannotReportSuccessfulConsumption]' started.
Test Case '-[HyperTests.ClipboardManagerPasteTests testQueueEditDuringActivationCannotReportSuccessfulConsumption]' passed (0.018 seconds).
Test Case '-[HyperTests.ClipboardManagerPasteTests testRestoreSchedulingUsesAdaptivePayloadCost]' started.
Test Case '-[HyperTests.ClipboardManagerPasteTests testRestoreSchedulingUsesAdaptivePayloadCost]' passed (0.011 seconds).
Test Case '-[HyperTests.ClipboardManagerPasteTests testSkipInvalidBatchProcessesCompatibleItemsAndReportsEveryItem]' started.
Test Case '-[HyperTests.ClipboardManagerPasteTests testSkipInvalidBatchProcessesCompatibleItemsAndReportsEveryItem]' passed (0.012 seconds).
Test Case '-[HyperTests.ClipboardManagerPasteTests testTargetActivationFailureRollsBackPreparedQueueDequeue]' started.
Test Case '-[HyperTests.ClipboardManagerPasteTests testTargetActivationFailureRollsBackPreparedQueueDequeue]' passed (0.016 seconds).
Test Suite 'ClipboardManagerPasteTests' passed at 2026-08-27 22:37:00.536.
	 Executed 17 tests, with 0 failures (0 unexpected) in 0.343 (0.344) seconds
Test Suite 'PasteQueueTests' started at 2026-08-27 22:37:00.536.
Test Case '-[HyperTests.PasteQueueTests testAnUnrestoredQueueNeverOverwritesTheFile]' started.
Test Case '-[HyperTests.PasteQueueTests testAnUnrestoredQueueNeverOverwritesTheFile]' passed (0.001 seconds).
Test Case '-[HyperTests.PasteQueueTests testCommitPersistenceFailureRetainsThePreparedItemAndReportsFailure]' started.
Test Case '-[HyperTests.PasteQueueTests testCommitPersistenceFailureRetainsThePreparedItemAndReportsFailure]' passed (0.001 seconds).
Test Case '-[HyperTests.PasteQueueTests testCommitReportsStructuredInvalidationWhenHeadMovesDuringActivation]' started.
Test Case '-[HyperTests.PasteQueueTests testCommitReportsStructuredInvalidationWhenHeadMovesDuringActivation]' passed (0.000 seconds).
Test Case '-[HyperTests.PasteQueueTests testCorruptFileFallsBackToAnEmptyQueue]' started.
Test Case '-[HyperTests.PasteQueueTests testCorruptFileFallsBackToAnEmptyQueue]' passed (0.002 seconds).
Test Case '-[HyperTests.PasteQueueTests testDequeueDispensesInCollectionOrder]' started.
Test Case '-[HyperTests.PasteQueueTests testDequeueDispensesInCollectionOrder]' passed (0.003 seconds).
Test Case '-[HyperTests.PasteQueueTests testEnqueueMovesARepeatToTheEndRatherThanDuplicating]' started.
Test Case '-[HyperTests.PasteQueueTests testEnqueueMovesARepeatToTheEndRatherThanDuplicating]' passed (0.001 seconds).
Test Case '-[HyperTests.PasteQueueTests testEpochChangeAfterPrecheckPreventsStaleCanonicalReplace]' started.
Test Case '-[HyperTests.PasteQueueTests testEpochChangeAfterPrecheckPreventsStaleCanonicalReplace]' passed (0.348 seconds).
Test Case '-[HyperTests.PasteQueueTests testFlushPendingWritesTimesOutWithoutWaitingForBlockedIO]' started.
Test Case '-[HyperTests.PasteQueueTests testFlushPendingWritesTimesOutWithoutWaitingForBlockedIO]' passed (0.032 seconds).
Test Case '-[HyperTests.PasteQueueTests testMissingFileIsNotAnError]' started.
Test Case '-[HyperTests.PasteQueueTests testMissingFileIsNotAnError]' passed (0.001 seconds).
Test Case '-[HyperTests.PasteQueueTests testPersistsAcrossInstances]' started.
Test Case '-[HyperTests.PasteQueueTests testPersistsAcrossInstances]' passed (0.002 seconds).
Test Case '-[HyperTests.PasteQueueTests testPreparedDequeueDoesNotMutateUntilCommit]' started.
Test Case '-[HyperTests.PasteQueueTests testPreparedDequeueDoesNotMutateUntilCommit]' passed (0.003 seconds).
Test Case '-[HyperTests.PasteQueueTests testPruneDropsEntriesWhoseRecordsAreGone]' started.
Test Case '-[HyperTests.PasteQueueTests testPruneDropsEntriesWhoseRecordsAreGone]' passed (0.002 seconds).
Test Case '-[HyperTests.PasteQueueTests testRemoveAndClear]' started.
Test Case '-[HyperTests.PasteQueueTests testRemoveAndClear]' passed (0.002 seconds).
Test Case '-[HyperTests.PasteQueueTests testRollbackLeavesPreparedEntryAvailableForRetry]' started.
Test Case '-[HyperTests.PasteQueueTests testRollbackLeavesPreparedEntryAvailableForRetry]' passed (0.002 seconds).
Test Case '-[HyperTests.PasteQueueTests testSuccessfulCommitIsDurableBeforeItReturns]' started.
Test Case '-[HyperTests.PasteQueueTests testSuccessfulCommitIsDurableBeforeItReturns]' passed (0.001 seconds).
Test Case '-[HyperTests.PasteQueueTests testTimedOutFlushEpochCannotOverwriteNewerQueueState]' started.
Test Case '-[HyperTests.PasteQueueTests testTimedOutFlushEpochCannotOverwriteNewerQueueState]' passed (0.032 seconds).
Test Case '-[HyperTests.PasteQueueTests testWriteCreatesItsOwnDirectory]' started.
Test Case '-[HyperTests.PasteQueueTests testWriteCreatesItsOwnDirectory]' passed (0.003 seconds).
Test Suite 'PasteQueueTests' passed at 2026-08-27 22:37:00.974.
	 Executed 17 tests, with 0 failures (0 unexpected) in 0.436 (0.438) seconds
Test Suite 'PasterTests' started at 2026-08-27 22:37:00.974.
Test Case '-[HyperTests.PasterTests testEmptyPayloadIsRejectedBeforeExistingPasteboardIsChanged]' started.
Test Case '-[HyperTests.PasterTests testEmptyPayloadIsRejectedBeforeExistingPasteboardIsChanged]' passed (0.001 seconds).
Test Case '-[HyperTests.PasterTests testMergedPlacementRejectsOneIncompatiblePayloadWithoutPartialSuccess]' started.
Test Case '-[HyperTests.PasterTests testMergedPlacementRejectsOneIncompatiblePayloadWithoutPartialSuccess]' passed (0.001 seconds).
Test Case '-[HyperTests.PasterTests testRestoreCASDoesNotOverwriteAUserCopy]' started.
Test Case '-[HyperTests.PasterTests testRestoreCASDoesNotOverwriteAUserCopy]' passed (0.001 seconds).
Test Case '-[HyperTests.PasterTests testRestoreCASRestoresWhenPasteboardIsStillOurs]' started.
Test Case '-[HyperTests.PasterTests testRestoreCASRestoresWhenPasteboardIsStillOurs]' passed (0.001 seconds).
Test Case '-[HyperTests.PasterTests testRestoreDelayAdaptsToPayloadAndTargetCostWithinHardBounds]' started.
Test Case '-[HyperTests.PasterTests testRestoreDelayAdaptsToPayloadAndTargetCostWithinHardBounds]' passed (0.003 seconds).
Test Case '-[HyperTests.PasterTests testSendPasteReportsEventSourceConstructionFailure]' started.
Test Case '-[HyperTests.PasterTests testSendPasteReportsEventSourceConstructionFailure]' passed (0.000 seconds).
Test Case '-[HyperTests.PasterTests testSendPasteReportsKeyEventConstructionFailureWithoutPostingHalfAChord]' started.
Test Case '-[HyperTests.PasterTests testSendPasteReportsKeyEventConstructionFailureWithoutPostingHalfAChord]' passed (0.005 seconds).
Test Case '-[HyperTests.PasterTests testSendPasteReportsPostingFailureAndStillAttemptsKeyUp]' started.
Test Case '-[HyperTests.PasterTests testSendPasteReportsPostingFailureAndStillAttemptsKeyUp]' passed (0.000 seconds).
Test Suite 'PasterTests' passed at 2026-08-27 22:37:00.988.
	 Executed 8 tests, with 0 failures (0 unexpected) in 0.013 (0.013) seconds
Test Suite 'HyperPackageTests.xctest' passed at 2026-08-27 22:37:00.988.
	 Executed 42 tests, with 0 failures (0 unexpected) in 0.792 (0.796) seconds
Test Suite 'Selected tests' passed at 2026-08-27 22:37:00.988.
	 Executed 42 tests, with 0 failures (0 unexpected) in 0.792 (0.797) seconds
◇ Test run started.
↳ Testing Library Version: 1501
↳ Target Platform: arm64e-apple-macos14.0
✔ Test run with 0 tests in 0 suites passed after 0.001 seconds.
[0/1] Planning build
Building for production...
[0/2] Write swift-version--58304C5D6DBC2206.txt
Build complete! (0.17s)
