Building for debugging...
[0/5] Write sources
[1/5] Write swift-version--58304C5D6DBC2206.txt
[3/7] Compiling Hyper ClipPreviewCache.swift
[4/7] Emitting module Hyper
[4/9] Write Objects.LinkFileList
[5/9] Linking Hyper
[6/9] Applying Hyper
[8/10] Emitting module HyperTests
[8/10] Write Objects.LinkFileList
[9/10] Linking HyperPackageTests
Build complete! (3.00s)
Test Suite 'Selected tests' started at 2026-08-27 22:41:43.155.
Test Suite 'HyperPackageTests.xctest' started at 2026-08-27 22:41:43.157.
Test Suite 'ClipPreviewCacheTests' started at 2026-08-27 22:41:43.157.
Test Case '-[HyperTests.ClipPreviewCacheTests testDuplicateRequestsMergeAndCancelledSubscriberIsNotCalled]' started.
Test Case '-[HyperTests.ClipPreviewCacheTests testDuplicateRequestsMergeAndCancelledSubscriberIsNotCalled]' passed (0.311 seconds).
Test Case '-[HyperTests.ClipPreviewCacheTests testGenerationAndDigestPreventReusedRowFromReceivingOldImage]' started.
Test Case '-[HyperTests.ClipPreviewCacheTests testGenerationAndDigestPreventReusedRowFromReceivingOldImage]' passed (0.309 seconds).
Test Case '-[HyperTests.ClipPreviewCacheTests testHardCostBudgetEvictsLeastRecentlyUsedEntry]' started.
Test Case '-[HyperTests.ClipPreviewCacheTests testHardCostBudgetEvictsLeastRecentlyUsedEntry]' passed (0.002 seconds).
Test Case '-[HyperTests.ClipPreviewCacheTests testPanelCloseCancelsWorkAndDropsDecodedAssets]' started.
Test Case '-[HyperTests.ClipPreviewCacheTests testPanelCloseCancelsWorkAndDropsDecodedAssets]' passed (0.126 seconds).
Test Case '-[HyperTests.ClipPreviewCacheTests testProductionFileLoaderNeverTouchesFourRiskPathsAndFastImageIsNotStarved]' started.
Test Case '-[HyperTests.ClipPreviewCacheTests testProductionFileLoaderNeverTouchesFourRiskPathsAndFastImageIsNotStarved]' passed (0.082 seconds).
Test Case '-[HyperTests.ClipPreviewCacheTests testProductionLoaderThousand720ImagesHasOnePixelBudgetAndReleasesOnClose]' started.
Test Case '-[HyperTests.ClipPreviewCacheTests testProductionLoaderThousand720ImagesHasOnePixelBudgetAndReleasesOnClose]' passed (1.903 seconds).
Test Case '-[HyperTests.ClipPreviewCacheTests testRapidScrollAcrossOneThousandMixedItemsStaysBoundedAndNeverLoadsOnMain]' started.
Test Case '-[HyperTests.ClipPreviewCacheTests testRapidScrollAcrossOneThousandMixedItemsStaysBoundedAndNeverLoadsOnMain]' passed (0.014 seconds).
Test Case '-[HyperTests.ClipPreviewCacheTests testTimeoutIsNegativelyCachedWithoutBlockingCaller]' started.
Test Case '-[HyperTests.ClipPreviewCacheTests testTimeoutIsNegativelyCachedWithoutBlockingCaller]' passed (0.344 seconds).
Test Suite 'ClipPreviewCacheTests' passed at 2026-08-27 22:41:46.251.
	 Executed 8 tests, with 0 failures (0 unexpected) in 3.093 (3.095) seconds
Test Suite 'HyperPackageTests.xctest' passed at 2026-08-27 22:41:46.251.
	 Executed 8 tests, with 0 failures (0 unexpected) in 3.093 (3.095) seconds
Test Suite 'Selected tests' passed at 2026-08-27 22:41:46.251.
	 Executed 8 tests, with 0 failures (0 unexpected) in 3.093 (3.096) seconds
PREVIEW_STARVATION risk_paths=4 fast_image_ms=15
PREVIEW_PRODUCTION_RSS items=1000 pixels=720x720 baseline=142869416 peak=144376768 steady=107807728 close=107267032 cost=33177600 entries=16 elapsed_ms=38
PREVIEW_PERF items=1000 loads=60 elapsed_ms=13 cost=196608
◇ Test run started.
↳ Testing Library Version: 1501
↳ Target Platform: arm64e-apple-macos14.0
✔ Test run with 0 tests in 0 suites passed after 0.001 seconds.
Building for debugging...
[0/4] Write swift-version--58304C5D6DBC2206.txt
Build complete! (0.12s)
Test Suite 'Selected tests' started at 2026-08-27 22:41:58.085.
Test Suite 'HyperPackageTests.xctest' started at 2026-08-27 22:41:58.086.
Test Suite 'ClipStoreTests' started at 2026-08-27 22:41:58.086.
Test Case '-[HyperTests.ClipStoreTests testThumbnailBytesAreEncryptedAndStillDecodeThroughStore]' started.
Test Case '-[HyperTests.ClipStoreTests testThumbnailBytesAreEncryptedAndStillDecodeThroughStore]' passed (0.056 seconds).
Test Suite 'ClipStoreTests' passed at 2026-08-27 22:41:58.142.
	 Executed 1 test, with 0 failures (0 unexpected) in 0.056 (0.056) seconds
Test Suite 'ClipboardInteropTests' started at 2026-08-27 22:41:58.142.
Test Case '-[HyperTests.ClipboardInteropTests testJPEGHEICAndGIFFullCapturePreviewThumbnailAndOriginalDragLifecycle]' started.
Test Case '-[HyperTests.ClipboardInteropTests testJPEGHEICAndGIFFullCapturePreviewThumbnailAndOriginalDragLifecycle]' passed (0.208 seconds).
Test Suite 'ClipboardInteropTests' passed at 2026-08-27 22:41:58.350.
	 Executed 1 test, with 0 failures (0 unexpected) in 0.208 (0.208) seconds
Test Suite 'ClipboardPanelPastePresentationTests' started at 2026-08-27 22:41:58.350.
Test Case '-[HyperTests.ClipboardPanelPastePresentationTests testAllInvalidBatchDoesNotOfferSkipWithoutAProcessableItem]' started.
Test Case '-[HyperTests.ClipboardPanelPastePresentationTests testAllInvalidBatchDoesNotOfferSkipWithoutAProcessableItem]' passed (0.000 seconds).
Test Case '-[HyperTests.ClipboardPanelPastePresentationTests testBatchPreflightIssueCountsIncompatibleItemsAndOffersExplicitSkip]' started.
Test Case '-[HyperTests.ClipboardPanelPastePresentationTests testBatchPreflightIssueCountsIncompatibleItemsAndOffersExplicitSkip]' passed (0.000 seconds).
Test Case '-[HyperTests.ClipboardPanelPastePresentationTests testBatchPreflightIssueNamesEveryFailureCountAndKeepsRetryLocal]' started.
Test Case '-[HyperTests.ClipboardPanelPastePresentationTests testBatchPreflightIssueNamesEveryFailureCountAndKeepsRetryLocal]' passed (0.000 seconds).
Test Case '-[HyperTests.ClipboardPanelPastePresentationTests testDetachedModelControllerAndSwiftUIWorkAreSafeAndReleaseForFiftyIterations]' started.
Test Case '-[HyperTests.ClipboardPanelPastePresentationTests testDetachedModelControllerAndSwiftUIWorkAreSafeAndReleaseForFiftyIterations]' passed (9.930 seconds).
Test Case '-[HyperTests.ClipboardPanelPastePresentationTests testIncompatibleMergedItemUsesOneBasedPosition]' started.
Test Case '-[HyperTests.ClipboardPanelPastePresentationTests testIncompatibleMergedItemUsesOneBasedPosition]' passed (0.001 seconds).
Test Case '-[HyperTests.ClipboardPanelPastePresentationTests testPermissionIssueOffersSettingsAndExplainsInPlaceRetry]' started.
Test Case '-[HyperTests.ClipboardPanelPastePresentationTests testPermissionIssueOffersSettingsAndExplainsInPlaceRetry]' passed (0.000 seconds).
Test Case '-[HyperTests.ClipboardPanelPastePresentationTests testRenderPermissionFailureEvidence]' started.
Test Case '-[HyperTests.ClipboardPanelPastePresentationTests testRenderPermissionFailureEvidence]' passed (0.509 seconds).
Test Case '-[HyperTests.ClipboardPanelPastePresentationTests testSuccessfulOperationHasNoIssue]' started.
Test Case '-[HyperTests.ClipboardPanelPastePresentationTests testSuccessfulOperationHasNoIssue]' passed (0.000 seconds).
Test Suite 'ClipboardPanelPastePresentationTests' passed at 2026-08-27 22:42:08.792.
	 Executed 8 tests, with 0 failures (0 unexpected) in 10.441 (10.442) seconds
Test Suite 'HyperPackageTests.xctest' passed at 2026-08-27 22:42:08.792.
	 Executed 10 tests, with 0 failures (0 unexpected) in 10.704 (10.706) seconds
Test Suite 'Selected tests' passed at 2026-08-27 22:42:08.792.
	 Executed 10 tests, with 0 failures (0 unexpected) in 10.704 (10.707) seconds
◇ Test run started.
↳ Testing Library Version: 1501
↳ Target Platform: arm64e-apple-macos14.0
✔ Test run with 0 tests in 0 suites passed after 0.001 seconds.
[0/1] Planning build
Building for production...
[0/3] Write sources
[1/3] Write swift-version--58304C5D6DBC2206.txt
[3/4] Compiling Hyper AppCatalog.swift
[3/5] Write Objects.LinkFileList
[4/5] Linking Hyper
Build complete! (33.51s)
