[0/1] Planning build
Building for debugging...
[0/6] Write sources
[2/6] Write swift-version--58304C5D6DBC2206.txt
[4/8] Emitting module Hyper
[5/8] Compiling Hyper ClipStore.swift
[6/18] Compiling Hyper ClipPreviewCache.swift
[7/18] Compiling Hyper PasteQueue.swift
[8/18] Compiling Hyper SettingsModel.swift
[9/18] Compiling Hyper SettingsWindowController.swift
[10/18] Compiling Hyper HyperTap.swift
[11/18] Compiling Hyper ClipboardManager.swift
[12/18] Compiling Hyper AppDelegate.swift
[13/18] Compiling Hyper SettingsView.swift
[14/18] Compiling Hyper ClipDragItem.swift
[15/18] Compiling Hyper ClipboardPanel.swift
[15/20] Write Objects.LinkFileList
[16/20] Linking Hyper
[17/20] Applying Hyper
[19/31] Compiling HyperTests ClipboardPanelQueryTests.swift
[20/31] Compiling HyperTests ClipboardPanelPastePresentationTests.swift
[21/31] Compiling HyperTests ClipStoreTests.swift
[22/31] Compiling HyperTests ClipboardManagerPasteTests.swift
[23/31] Compiling HyperTests ClipboardInteropTests.swift
[24/31] Compiling HyperTests ClipboardAsyncCaptureTests.swift
[25/31] Compiling HyperTests ClipPreviewCacheTests.swift
[26/31] Emitting module HyperTests
[27/31] Compiling HyperTests ClipAdvancedSearchTests.swift
[28/31] Compiling HyperTests ClipboardPrivacyLifecycleTests.swift
[29/31] Compiling HyperTests SensitiveClipboardPolicyTests.swift
[29/31] Write Objects.LinkFileList
[30/31] Linking HyperPackageTests
Build complete! (4.66s)
Test Suite 'Selected tests' started at 2026-08-28 05:03:58.138.
Test Suite 'HyperPackageTests.xctest' started at 2026-08-28 05:03:58.139.
Test Suite 'ClipAdvancedSearchTests' started at 2026-08-28 05:03:58.139.
Test Case '-[HyperTests.ClipAdvancedSearchTests testProductionAdoptionDoesNotRewritePermanentlyBudgetOmittedRecordAcrossLaunches]' started.
Test Case '-[HyperTests.ClipAdvancedSearchTests testProductionAdoptionDoesNotRewritePermanentlyBudgetOmittedRecordAcrossLaunches]' passed (0.006 seconds).
Test Suite 'ClipAdvancedSearchTests' passed at 2026-08-28 05:03:58.145.
	 Executed 1 test, with 0 failures (0 unexpected) in 0.006 (0.006) seconds
Test Suite 'HyperPackageTests.xctest' passed at 2026-08-28 05:03:58.145.
	 Executed 1 test, with 0 failures (0 unexpected) in 0.006 (0.006) seconds
Test Suite 'Selected tests' passed at 2026-08-28 05:03:58.145.
	 Executed 1 test, with 0 failures (0 unexpected) in 0.006 (0.007) seconds
◇ Test run started.
↳ Testing Library Version: 1501
↳ Target Platform: arm64e-apple-macos14.0
✔ Test run with 0 tests in 0 suites passed after 0.001 seconds.
Building for debugging...
[0/5] Write sources
[1/5] Write swift-version--58304C5D6DBC2206.txt
[3/5] Emitting module HyperTests
[4/5] Compiling HyperTests ClipAdvancedSearchTests.swift
[4/6] Write Objects.LinkFileList
[5/6] Linking HyperPackageTests
Build complete! (1.38s)
Test Suite 'Selected tests' started at 2026-08-28 05:04:16.994.
Test Suite 'HyperPackageTests.xctest' started at 2026-08-28 05:04:16.995.
Test Suite 'ClipAdvancedSearchTests' started at 2026-08-28 05:04:16.995.
Test Case '-[HyperTests.ClipAdvancedSearchTests testProductionAdoptionDoesNotRewritePermanentlyBudgetOmittedRecordAcrossLaunches]' started.
Test Case '-[HyperTests.ClipAdvancedSearchTests testProductionAdoptionDoesNotRewritePermanentlyBudgetOmittedRecordAcrossLaunches]' passed (0.015 seconds).
Test Suite 'ClipAdvancedSearchTests' passed at 2026-08-28 05:04:17.011.
	 Executed 1 test, with 0 failures (0 unexpected) in 0.015 (0.016) seconds
Test Suite 'HyperPackageTests.xctest' passed at 2026-08-28 05:04:17.011.
	 Executed 1 test, with 0 failures (0 unexpected) in 0.015 (0.016) seconds
Test Suite 'Selected tests' passed at 2026-08-28 05:04:17.011.
	 Executed 1 test, with 0 failures (0 unexpected) in 0.015 (0.017) seconds
◇ Test run started.
↳ Testing Library Version: 1501
↳ Target Platform: arm64e-apple-macos14.0
✔ Test run with 0 tests in 0 suites passed after 0.001 seconds.
Building for debugging...
[0/4] Write swift-version--58304C5D6DBC2206.txt
Build complete! (0.08s)
Test Suite 'Selected tests' started at 2026-08-28 05:04:24.343.
Test Suite 'HyperPackageTests.xctest' started at 2026-08-28 05:04:24.344.
Test Suite 'ClipAdvancedSearchTests' started at 2026-08-28 05:04:24.344.
Test Case '-[HyperTests.ClipAdvancedSearchTests testBudgetTruncatedSegmentsRestoreAsAuthenticatedSubsetsWithoutRebuildLoop]' started.
Test Case '-[HyperTests.ClipAdvancedSearchTests testBudgetTruncatedSegmentsRestoreAsAuthenticatedSubsetsWithoutRebuildLoop]' passed (0.003 seconds).
Test Case '-[HyperTests.ClipAdvancedSearchTests testLatestSearchSegmentEpochWinsAndInsertionDoesNotEncodeOnMainThread]' started.
Test Case '-[HyperTests.ClipAdvancedSearchTests testLatestSearchSegmentEpochWinsAndInsertionDoesNotEncodeOnMainThread]' passed (0.048 seconds).
Test Case '-[HyperTests.ClipAdvancedSearchTests testProductionAdoptionDoesNotRewritePermanentlyBudgetOmittedRecordAcrossLaunches]' started.
Test Case '-[HyperTests.ClipAdvancedSearchTests testProductionAdoptionDoesNotRewritePermanentlyBudgetOmittedRecordAcrossLaunches]' passed (0.012 seconds).
Test Case '-[HyperTests.ClipAdvancedSearchTests testSegmentRoundTripRejectsWrongVersionOrDigestAndCanBeRebuilt]' started.
Test Case '-[HyperTests.ClipAdvancedSearchTests testSegmentRoundTripRejectsWrongVersionOrDigestAndCanBeRebuilt]' passed (0.000 seconds).
Test Case '-[HyperTests.ClipAdvancedSearchTests testStorePersistsAuthenticatedSegmentsAndRebuildsOnlyDerivedDamage]' started.
Test Case '-[HyperTests.ClipAdvancedSearchTests testStorePersistsAuthenticatedSegmentsAndRebuildsOnlyDerivedDamage]' passed (0.028 seconds).
Test Case '-[HyperTests.ClipAdvancedSearchTests testSubsetRestoreStillRejectsAlienIDsAndDigestMismatch]' started.
Test Case '-[HyperTests.ClipAdvancedSearchTests testSubsetRestoreStillRejectsAlienIDsAndDigestMismatch]' passed (0.001 seconds).
Test Suite 'ClipAdvancedSearchTests' passed at 2026-08-28 05:04:24.436.
	 Executed 6 tests, with 0 failures (0 unexpected) in 0.092 (0.092) seconds
Test Suite 'HyperPackageTests.xctest' passed at 2026-08-28 05:04:24.436.
	 Executed 6 tests, with 0 failures (0 unexpected) in 0.092 (0.092) seconds
Test Suite 'Selected tests' passed at 2026-08-28 05:04:24.436.
	 Executed 6 tests, with 0 failures (0 unexpected) in 0.092 (0.093) seconds
◇ Test run started.
↳ Testing Library Version: 1501
↳ Target Platform: arm64e-apple-macos14.0
✔ Test run with 0 tests in 0 suites passed after 0.001 seconds.
[0/1] Planning build
Building for production...
[0/3] Write sources
[1/3] Write swift-version--58304C5D6DBC2206.txt
[3/4] Compiling Hyper AppCatalog.swift
[3/5] Write Objects.LinkFileList
[4/5] Linking Hyper
Build complete! (22.91s)
[0/1] Planning build
Building for debugging...
[0/4] Write swift-version--58304C5D6DBC2206.txt
Build complete! (0.11s)
Test Suite 'Selected tests' started at 2026-08-28 05:04:58.063.
Test Suite 'HyperPackageTests.xctest' started at 2026-08-28 05:04:58.064.
Test Suite 'ClipAdvancedSearchTests' started at 2026-08-28 05:04:58.064.
Test Case '-[HyperTests.ClipAdvancedSearchTests testProductionColdRestoreStreamsSixteenSlotsUnderTotalMemoryCap]' started.
Test Case '-[HyperTests.ClipAdvancedSearchTests testProductionColdRestoreStreamsSixteenSlotsUnderTotalMemoryCap]' passed (5.189 seconds).
Test Suite 'ClipAdvancedSearchTests' passed at 2026-08-28 05:05:03.253.
	 Executed 1 test, with 0 failures (0 unexpected) in 5.189 (5.189) seconds
Test Suite 'HyperPackageTests.xctest' passed at 2026-08-28 05:05:03.253.
	 Executed 1 test, with 0 failures (0 unexpected) in 5.189 (5.189) seconds
Test Suite 'Selected tests' passed at 2026-08-28 05:05:03.253.
	 Executed 1 test, with 0 failures (0 unexpected) in 5.189 (5.190) seconds
SEARCH_PRODUCTION_COLD_STREAM runtime=5243528 fixture=176898816 coldBaseline=296715224 steady=312329200 peak=312312816 totalSteady=257773068 totalPeak=257773068 structural=86117780 hardCap=268435456
◇ Test run started.
↳ Testing Library Version: 1501
↳ Target Platform: arm64e-apple-macos14.0
✔ Test run with 0 tests in 0 suites passed after 0.001 seconds.
