Building for debugging...
[0/4] Write swift-version--58304C5D6DBC2206.txt
Build complete! (0.09s)
Test Suite 'Selected tests' started at 2026-08-27 21:47:32.548.
Test Suite 'HyperPackageTests.xctest' started at 2026-08-27 21:47:32.549.
Test Suite 'ClipboardAsyncCaptureTests' started at 2026-08-27 21:47:32.549.
Test Case '-[HyperTests.ClipboardAsyncCaptureTests testHungProviderTimesOutAtDeadlineWithoutSpawningAndResumesLatest]' started.
Test Case '-[HyperTests.ClipboardAsyncCaptureTests testHungProviderTimesOutAtDeadlineWithoutSpawningAndResumesLatest]' passed (0.062 seconds).
Test Case '-[HyperTests.ClipboardAsyncCaptureTests testManagerSchedulesSlowCaptureUnderFrameBudgetAndCommitsConsistently]' started.
Test Case '-[HyperTests.ClipboardAsyncCaptureTests testManagerSchedulesSlowCaptureUnderFrameBudgetAndCommitsConsistently]' passed (0.130 seconds).
Test Case '-[HyperTests.ClipboardAsyncCaptureTests testShutdownCancelsInflightResultAndManagerDeallocatesBeforeProviderReturns]' started.
Test Case '-[HyperTests.ClipboardAsyncCaptureTests testShutdownCancelsInflightResultAndManagerDeallocatesBeforeProviderReturns]' passed (0.014 seconds).
Test Case '-[HyperTests.ClipboardAsyncCaptureTests testSlowProviderDoesNotBlockMainAndReportsHonestTimeout]' started.
Test Case '-[HyperTests.ClipboardAsyncCaptureTests testSlowProviderDoesNotBlockMainAndReportsHonestTimeout]' passed (0.060 seconds).
Test Case '-[HyperTests.ClipboardAsyncCaptureTests testTwentyMegabyteProviderMaterialisesOffMainAndSchedulesUnderFrameBudget]' started.
Test Case '-[HyperTests.ClipboardAsyncCaptureTests testTwentyMegabyteProviderMaterialisesOffMainAndSchedulesUnderFrameBudget]' passed (0.001 seconds).
Test Case '-[HyperTests.ClipboardAsyncCaptureTests testTwoHundredAndFiveHundredMegabyteLogicalSizesStayBounded]' started.
Test Case '-[HyperTests.ClipboardAsyncCaptureTests testTwoHundredAndFiveHundredMegabyteLogicalSizesStayBounded]' passed (0.001 seconds).
Test Case '-[HyperTests.ClipboardAsyncCaptureTests testWorkerSubmissionIsFastAndBacklogCoalescesToOne]' started.
Test Case '-[HyperTests.ClipboardAsyncCaptureTests testWorkerSubmissionIsFastAndBacklogCoalescesToOne]' passed (0.000 seconds).
Test Suite 'ClipboardAsyncCaptureTests' passed at 2026-08-27 21:47:32.817.
	 Executed 7 tests, with 0 failures (0 unexpected) in 0.267 (0.268) seconds
Test Suite 'ClipboardInteropTests' started at 2026-08-27 21:47:32.817.
Test Case '-[HyperTests.ClipboardInteropTests testCompleteSessionPreflightDoesNotRetainPasteboardItemForAsyncRead]' started.
Test Case '-[HyperTests.ClipboardInteropTests testCompleteSessionPreflightDoesNotRetainPasteboardItemForAsyncRead]' passed (0.001 seconds).
Test Case '-[HyperTests.ClipboardInteropTests testDropIntakeDeadlineCompletesExactlyOnceAndCancelsAStuckProvider]' started.
Test Case '-[HyperTests.ClipboardInteropTests testDropIntakeDeadlineCompletesExactlyOnceAndCancelsAStuckProvider]' passed (0.152 seconds).
Test Case '-[HyperTests.ClipboardInteropTests testDropIntakeDoesNotSilentlyAcceptAPartialMultiFileDrop]' started.
Test Case '-[HyperTests.ClipboardInteropTests testDropIntakeDoesNotSilentlyAcceptAPartialMultiFileDrop]' passed (0.001 seconds).
Test Case '-[HyperTests.ClipboardInteropTests testDropIntakeIgnoresALateProviderCallbackAfterDeadline]' started.
Test Case '-[HyperTests.ClipboardInteropTests testDropIntakeIgnoresALateProviderCallbackAfterDeadline]' passed (0.154 seconds).
Test Case '-[HyperTests.ClipboardInteropTests testDropIntakePreservesEveryFileDirectoryAndImageInProviderOrder]' started.
Test Case '-[HyperTests.ClipboardInteropTests testDropIntakePreservesEveryFileDirectoryAndImageInProviderOrder]' passed (0.003 seconds).
Test Case '-[HyperTests.ClipboardInteropTests testDropIntakeRejectsMixedProviderKindsBeforeMaterializingAnySubset]' started.
Test Case '-[HyperTests.ClipboardInteropTests testDropIntakeRejectsMixedProviderKindsBeforeMaterializingAnySubset]' passed (0.000 seconds).
Test Case '-[HyperTests.ClipboardInteropTests testDropIntakeRejectsNonFileNulAndOversizedFileURLs]' started.
Test Case '-[HyperTests.ClipboardInteropTests testDropIntakeRejectsNonFileNulAndOversizedFileURLs]' passed (0.001 seconds).
Test Case '-[HyperTests.ClipboardInteropTests testDropIntakeRejectsProviderCountPerItemAndAggregateByteOverruns]' started.
Test Case '-[HyperTests.ClipboardInteropTests testDropIntakeRejectsProviderCountPerItemAndAggregateByteOverruns]' passed (0.001 seconds).
Test Case '-[HyperTests.ClipboardInteropTests testGoldFixturesRoundTripWithCorrectRichAndPlainFallbacks]' started.
Test Case '-[HyperTests.ClipboardInteropTests testGoldFixturesRoundTripWithCorrectRichAndPlainFallbacks]' passed (0.040 seconds).
Test Case '-[HyperTests.ClipboardInteropTests testJPEGHEICAndGIFFullCapturePreviewThumbnailAndOriginalDragLifecycle]' started.
Test Case '-[HyperTests.ClipboardInteropTests testJPEGHEICAndGIFFullCapturePreviewThumbnailAndOriginalDragLifecycle]' passed (0.164 seconds).
Test Case '-[HyperTests.ClipboardInteropTests testMalformedOrOversizedRichRepresentationsFallBackToBoundedPlainText]' started.
Test Case '-[HyperTests.ClipboardInteropTests testMalformedOrOversizedRichRepresentationsFallBackToBoundedPlainText]' passed (0.249 seconds).
Test Case '-[HyperTests.ClipboardInteropTests testMultiFileDragHitTestingConvertsSuperviewPointWithANonzeroFrameOrigin]' started.
Test Case '-[HyperTests.ClipboardInteropTests testMultiFileDragHitTestingConvertsSuperviewPointWithANonzeroFrameOrigin]' passed (0.004 seconds).
Test Case '-[HyperTests.ClipboardInteropTests testMultiItemOriginalRoundTripPreservesItemOrder]' started.
Test Case '-[HyperTests.ClipboardInteropTests testMultiItemOriginalRoundTripPreservesItemOrder]' passed (0.001 seconds).
Test Case '-[HyperTests.ClipboardInteropTests testOneProviderIsProducedForEveryDraggedFileAndDirectory]' started.
Test Case '-[HyperTests.ClipboardInteropTests testOneProviderIsProducedForEveryDraggedFileAndDirectory]' passed (0.026 seconds).
Test Case '-[HyperTests.ClipboardInteropTests testOriginalModeKeepsKnownBrowserAndOfficeFormatsButDropsUnsafePrivateTypes]' started.
Test Case '-[HyperTests.ClipboardInteropTests testOriginalModeKeepsKnownBrowserAndOfficeFormatsButDropsUnsafePrivateTypes]' passed (0.002 seconds).
Test Case '-[HyperTests.ClipboardInteropTests testPasteAsModesWritePredictableTypeSets]' started.
Test Case '-[HyperTests.ClipboardInteropTests testPasteAsModesWritePredictableTypeSets]' passed (0.003 seconds).
Test Case '-[HyperTests.ClipboardInteropTests testPayloadDecoderRejectsNonBinaryAndOversizedPropertyListsBeforeParsing]' started.
Test Case '-[HyperTests.ClipboardInteropTests testPayloadDecoderRejectsNonBinaryAndOversizedPropertyListsBeforeParsing]' passed (0.004 seconds).
Test Case '-[HyperTests.ClipboardInteropTests testRealPasteboardEntryKeepsUnknownSiblingProviderForAtomicPreflight]' started.
Test Case '-[HyperTests.ClipboardInteropTests testRealPasteboardEntryKeepsUnknownSiblingProviderForAtomicPreflight]' passed (0.001 seconds).
Test Suite 'ClipboardInteropTests' passed at 2026-08-27 21:47:33.626.
	 Executed 18 tests, with 0 failures (0 unexpected) in 0.807 (0.808) seconds
Test Suite 'ClipboardManagerPasteTests' started at 2026-08-27 21:47:33.626.
Test Case '-[HyperTests.ClipboardManagerPasteTests testAccessibilityRevokedDuringActivationDoesNotSendOrConsumeAndRollsBack]' started.
Test Case '-[HyperTests.ClipboardManagerPasteTests testAccessibilityRevokedDuringActivationDoesNotSendOrConsumeAndRollsBack]' passed (0.062 seconds).
Test Case '-[HyperTests.ClipboardManagerPasteTests testBatchCopyPreflightsEveryItemAndDoesNotSilentlyCopyOnlySurvivors]' started.
Test Case '-[HyperTests.ClipboardManagerPasteTests testBatchCopyPreflightsEveryItemAndDoesNotSilentlyCopyOnlySurvivors]' passed (0.041 seconds).
Test Case '-[HyperTests.ClipboardManagerPasteTests testCancellingFixtureWorkLetsManagersDeallocateBeforeCallbacksFire]' started.
Test Case '-[HyperTests.ClipboardManagerPasteTests testCancellingFixtureWorkLetsManagersDeallocateBeforeCallbacksFire]' passed (0.012 seconds).
Test Case '-[HyperTests.ClipboardManagerPasteTests testConsecutivePastesCancelOlderRestoreAndRestoreOriginalSnapshot]' started.
Test Case '-[HyperTests.ClipboardManagerPasteTests testConsecutivePastesCancelOlderRestoreAndRestoreOriginalSnapshot]' passed (0.009 seconds).
Test Case '-[HyperTests.ClipboardManagerPasteTests testEventDeliveryFailureRollsBackPreparedQueueDequeue]' started.
Test Case '-[HyperTests.ClipboardManagerPasteTests testEventDeliveryFailureRollsBackPreparedQueueDequeue]' passed (0.009 seconds).
Test Case '-[HyperTests.ClipboardManagerPasteTests testFailedPasteClearsStaleRestoreSnapshotBeforeTheNextPaste]' started.
Test Case '-[HyperTests.ClipboardManagerPasteTests testFailedPasteClearsStaleRestoreSnapshotBeforeTheNextPaste]' passed (0.028 seconds).
Test Case '-[HyperTests.ClipboardManagerPasteTests testFailureRollbackCASPreservesAUserCopyMadeDuringActivation]' started.
Test Case '-[HyperTests.ClipboardManagerPasteTests testFailureRollbackCASPreservesAUserCopyMadeDuringActivation]' passed (0.014 seconds).
Test Case '-[HyperTests.ClipboardManagerPasteTests testIncompatibleMergedBatchIsAFullPreflightFailure]' started.
Test Case '-[HyperTests.ClipboardManagerPasteTests testIncompatibleMergedBatchIsAFullPreflightFailure]' passed (0.018 seconds).
Test Case '-[HyperTests.ClipboardManagerPasteTests testMissingPayloadDoesNotCommitQueuedItem]' started.
Test Case '-[HyperTests.ClipboardManagerPasteTests testMissingPayloadDoesNotCommitQueuedItem]' passed (0.024 seconds).
Test Case '-[HyperTests.ClipboardManagerPasteTests testPasteAsSelectionRunsThroughManagerAndPublishesTheRequestedContract]' started.
Test Case '-[HyperTests.ClipboardManagerPasteTests testPasteAsSelectionRunsThroughManagerAndPublishesTheRequestedContract]' passed (0.015 seconds).
Test Case '-[HyperTests.ClipboardManagerPasteTests testPendingRestoreDoesNotOverwriteCopyMadeByUser]' started.
Test Case '-[HyperTests.ClipboardManagerPasteTests testPendingRestoreDoesNotOverwriteCopyMadeByUser]' passed (0.016 seconds).
Test Case '-[HyperTests.ClipboardManagerPasteTests testPermissionDenialRetainsQueueAndGrantCanRetryWithoutRestart]' started.
Test Case '-[HyperTests.ClipboardManagerPasteTests testPermissionDenialRetainsQueueAndGrantCanRetryWithoutRestart]' passed (0.014 seconds).
Test Case '-[HyperTests.ClipboardManagerPasteTests testQueueCommitsExactlyOnceAfterSuccessfulEventDelivery]' started.
Test Case '-[HyperTests.ClipboardManagerPasteTests testQueueCommitsExactlyOnceAfterSuccessfulEventDelivery]' passed (0.015 seconds).
Test Case '-[HyperTests.ClipboardManagerPasteTests testQueueEditDuringActivationCannotReportSuccessfulConsumption]' started.
Test Case '-[HyperTests.ClipboardManagerPasteTests testQueueEditDuringActivationCannotReportSuccessfulConsumption]' passed (0.016 seconds).
Test Case '-[HyperTests.ClipboardManagerPasteTests testRestoreSchedulingUsesAdaptivePayloadCost]' started.
Test Case '-[HyperTests.ClipboardManagerPasteTests testRestoreSchedulingUsesAdaptivePayloadCost]' passed (0.008 seconds).
Test Case '-[HyperTests.ClipboardManagerPasteTests testSkipInvalidBatchProcessesCompatibleItemsAndReportsEveryItem]' started.
Test Case '-[HyperTests.ClipboardManagerPasteTests testSkipInvalidBatchProcessesCompatibleItemsAndReportsEveryItem]' passed (0.014 seconds).
Test Case '-[HyperTests.ClipboardManagerPasteTests testTargetActivationFailureRollsBackPreparedQueueDequeue]' started.
Test Case '-[HyperTests.ClipboardManagerPasteTests testTargetActivationFailureRollsBackPreparedQueueDequeue]' passed (0.015 seconds).
Test Suite 'ClipboardManagerPasteTests' passed at 2026-08-27 21:47:33.957.
	 Executed 17 tests, with 0 failures (0 unexpected) in 0.330 (0.331) seconds
Test Suite 'ClipboardPanelPastePresentationTests' started at 2026-08-27 21:47:33.957.
Test Case '-[HyperTests.ClipboardPanelPastePresentationTests testAllInvalidBatchDoesNotOfferSkipWithoutAProcessableItem]' started.
Test Case '-[HyperTests.ClipboardPanelPastePresentationTests testAllInvalidBatchDoesNotOfferSkipWithoutAProcessableItem]' passed (0.000 seconds).
Test Case '-[HyperTests.ClipboardPanelPastePresentationTests testBatchPreflightIssueCountsIncompatibleItemsAndOffersExplicitSkip]' started.
Test Case '-[HyperTests.ClipboardPanelPastePresentationTests testBatchPreflightIssueCountsIncompatibleItemsAndOffersExplicitSkip]' passed (0.000 seconds).
Test Case '-[HyperTests.ClipboardPanelPastePresentationTests testBatchPreflightIssueNamesEveryFailureCountAndKeepsRetryLocal]' started.
Test Case '-[HyperTests.ClipboardPanelPastePresentationTests testBatchPreflightIssueNamesEveryFailureCountAndKeepsRetryLocal]' passed (0.000 seconds).
Test Case '-[HyperTests.ClipboardPanelPastePresentationTests testDetachedModelControllerAndSwiftUIWorkAreSafeAndReleaseForFiftyIterations]' started.
Test Case '-[HyperTests.ClipboardPanelPastePresentationTests testDetachedModelControllerAndSwiftUIWorkAreSafeAndReleaseForFiftyIterations]' passed (8.575 seconds).
Test Case '-[HyperTests.ClipboardPanelPastePresentationTests testIncompatibleMergedItemUsesOneBasedPosition]' started.
Test Case '-[HyperTests.ClipboardPanelPastePresentationTests testIncompatibleMergedItemUsesOneBasedPosition]' passed (0.000 seconds).
Test Case '-[HyperTests.ClipboardPanelPastePresentationTests testPermissionIssueOffersSettingsAndExplainsInPlaceRetry]' started.
Test Case '-[HyperTests.ClipboardPanelPastePresentationTests testPermissionIssueOffersSettingsAndExplainsInPlaceRetry]' passed (0.000 seconds).
Test Case '-[HyperTests.ClipboardPanelPastePresentationTests testRenderPermissionFailureEvidence]' started.
Test Case '-[HyperTests.ClipboardPanelPastePresentationTests testRenderPermissionFailureEvidence]' passed (0.431 seconds).
Test Case '-[HyperTests.ClipboardPanelPastePresentationTests testSuccessfulOperationHasNoIssue]' started.
Test Case '-[HyperTests.ClipboardPanelPastePresentationTests testSuccessfulOperationHasNoIssue]' passed (0.000 seconds).
Test Suite 'ClipboardPanelPastePresentationTests' passed at 2026-08-27 21:47:42.964.
	 Executed 8 tests, with 0 failures (0 unexpected) in 9.007 (9.007) seconds
Test Suite 'ClipboardPrivacyLifecycleTests' started at 2026-08-27 21:47:42.964.
Test Case '-[HyperTests.ClipboardPrivacyLifecycleTests testCopySourceSnapshotSurvivesSwitchingApplicationsBeforeCapture]' started.
Test Case '-[HyperTests.ClipboardPrivacyLifecycleTests testCopySourceSnapshotSurvivesSwitchingApplicationsBeforeCapture]' passed (0.030 seconds).
Test Case '-[HyperTests.ClipboardPrivacyLifecycleTests testGlobalPauseWritesNothingAndResumeDoesNotBackfillPausedContent]' started.
Test Case '-[HyperTests.ClipboardPrivacyLifecycleTests testGlobalPauseWritesNothingAndResumeDoesNotBackfillPausedContent]' passed (0.032 seconds).
Test Case '-[HyperTests.ClipboardPrivacyLifecycleTests testIgnoredCopySourceCannotLeakAcrossOneHundredImmediateAppSwitches]' started.
Test Case '-[HyperTests.ClipboardPrivacyLifecycleTests testIgnoredCopySourceCannotLeakAcrossOneHundredImmediateAppSwitches]' passed (0.015 seconds).
Test Case '-[HyperTests.ClipboardPrivacyLifecycleTests testIgnoreTextOnlyAndNoImagesRulesAreEnforcedAtCapture]' started.
Test Case '-[HyperTests.ClipboardPrivacyLifecycleTests testIgnoreTextOnlyAndNoImagesRulesAreEnforcedAtCapture]' passed (0.052 seconds).
Test Case '-[HyperTests.ClipboardPrivacyLifecycleTests testPendingSourceIsNotBorrowedByANewUnkeyedChange]' started.
Test Case '-[HyperTests.ClipboardPrivacyLifecycleTests testPendingSourceIsNotBorrowedByANewUnkeyedChange]' passed (0.004 seconds).
Test Case '-[HyperTests.ClipboardPrivacyLifecycleTests testPendingSourceRequiresExactNextChangeCountAndShortWindow]' started.
Test Case '-[HyperTests.ClipboardPrivacyLifecycleTests testPendingSourceRequiresExactNextChangeCountAndShortWindow]' passed (0.004 seconds).
Test Case '-[HyperTests.ClipboardPrivacyLifecycleTests testShutdownInvalidatesDelayedMonitorChecksBeforeFixtureRelease]' started.
Test Case '-[HyperTests.ClipboardPrivacyLifecycleTests testShutdownInvalidatesDelayedMonitorChecksBeforeFixtureRelease]' passed (0.317 seconds).
Test Case '-[HyperTests.ClipboardPrivacyLifecycleTests testShutdownQueueAndStoreShareOneHardTimeoutBudget]' started.
Test Case '-[HyperTests.ClipboardPrivacyLifecycleTests testShutdownQueueAndStoreShareOneHardTimeoutBudget]' passed (0.040 seconds).
Test Case '-[HyperTests.ClipboardPrivacyLifecycleTests testShutdownReportsIncompleteDrainWithoutRetryingForever]' started.
Test Case '-[HyperTests.ClipboardPrivacyLifecycleTests testShutdownReportsIncompleteDrainWithoutRetryingForever]' passed (0.006 seconds).
Test Case '-[HyperTests.ClipboardPrivacyLifecycleTests testShutdownReportsSuccessfulBoundedStoreDrain]' started.
Test Case '-[HyperTests.ClipboardPrivacyLifecycleTests testShutdownReportsSuccessfulBoundedStoreDrain]' passed (0.005 seconds).
Test Case '-[HyperTests.ClipboardPrivacyLifecycleTests testShutdownUsesRealStoreDrainAndReturnsOnlyAfterIndexIsDurable]' started.
Test Case '-[HyperTests.ClipboardPrivacyLifecycleTests testShutdownUsesRealStoreDrainAndReturnsOnlyAfterIndexIsDurable]' passed (0.015 seconds).
Test Case '-[HyperTests.ClipboardPrivacyLifecycleTests testStaleAllowedAndIgnoredSourcesNeverCrossApplicationBoundaryForOneHundredRounds]' started.
Test Case '-[HyperTests.ClipboardPrivacyLifecycleTests testStaleAllowedAndIgnoredSourcesNeverCrossApplicationBoundaryForOneHundredRounds]' passed (0.019 seconds).
Test Case '-[HyperTests.ClipboardPrivacyLifecycleTests testUnknownPollingSourceIsStoredWithoutFalseAttributionWhenNoRulesExist]' started.
Test Case '-[HyperTests.ClipboardPrivacyLifecycleTests testUnknownPollingSourceIsStoredWithoutFalseAttributionWhenNoRulesExist]' passed (0.013 seconds).
Test Case '-[HyperTests.ClipboardPrivacyLifecycleTests testUnknownPollingSourceUsesMostRestrictiveConfiguredRule]' started.
Test Case '-[HyperTests.ClipboardPrivacyLifecycleTests testUnknownPollingSourceUsesMostRestrictiveConfiguredRule]' passed (0.007 seconds).
Test Suite 'ClipboardPrivacyLifecycleTests' passed at 2026-08-27 21:47:43.525.
	 Executed 14 tests, with 0 failures (0 unexpected) in 0.560 (0.561) seconds
Test Suite 'HyperPackageTests.xctest' passed at 2026-08-27 21:47:43.525.
	 Executed 64 tests, with 0 failures (0 unexpected) in 10.971 (10.976) seconds
Test Suite 'Selected tests' passed at 2026-08-27 21:47:43.525.
	 Executed 64 tests, with 0 failures (0 unexpected) in 10.971 (10.977) seconds
◇ Test run started.
↳ Testing Library Version: 1501
↳ Target Platform: arm64e-apple-macos14.0
✔ Test run with 0 tests in 0 suites passed after 0.001 seconds.
