[0/1] Planning build
Building for debugging...
[0/5] Write sources
[1/5] Write swift-version--58304C5D6DBC2206.txt
[3/5] Compiling HyperTests ClipboardVaultTests.swift
[4/5] Emitting module HyperTests
[4/6] Write Objects.LinkFileList
[5/6] Linking HyperPackageTests
Build complete! (1.13s)
Test Suite 'Selected tests' started at 2026-08-27 21:46:33.247.
Test Suite 'HyperPackageTests.xctest' started at 2026-08-27 21:46:33.248.
Test Suite 'ClipStoreTests' started at 2026-08-27 21:46:33.248.
Test Case '-[HyperTests.ClipStoreTests testAfterSwapCrashKeepsEncryptedLiveAndNextLaunchCleansPlaintextShadow]' started.
Test Case '-[HyperTests.ClipStoreTests testAfterSwapCrashKeepsEncryptedLiveAndNextLaunchCleansPlaintextShadow]' passed (0.052 seconds).
Test Case '-[HyperTests.ClipStoreTests testALaunchWindowRecopyKeepsTheDiskRecordsIdentity]' started.
Test Case '-[HyperTests.ClipStoreTests testALaunchWindowRecopyKeepsTheDiskRecordsIdentity]' passed (0.016 seconds).
Test Case '-[HyperTests.ClipStoreTests testANewCaptureDuringTheLaunchWindowJoinsTheLoadedHistory]' started.
Test Case '-[HyperTests.ClipStoreTests testANewCaptureDuringTheLaunchWindowJoinsTheLoadedHistory]' passed (0.012 seconds).
Test Case '-[HyperTests.ClipStoreTests testASecondDeleteMakesTheFirstOnePermanent]' started.
Test Case '-[HyperTests.ClipStoreTests testASecondDeleteMakesTheFirstOnePermanent]' passed (0.008 seconds).
Test Case '-[HyperTests.ClipStoreTests testBoundedDrainCommitsPayloadAndMatchingIndexSnapshot]' started.
Test Case '-[HyperTests.ClipStoreTests testBoundedDrainCommitsPayloadAndMatchingIndexSnapshot]' passed (0.011 seconds).
Test Case '-[HyperTests.ClipStoreTests testClearAllTakesPinnedEntriesToo]' started.
Test Case '-[HyperTests.ClipStoreTests testClearAllTakesPinnedEntriesToo]' passed (0.008 seconds).
Test Case '-[HyperTests.ClipStoreTests testClearingTheHistoryCannotBeUndoneInto]' started.
Test Case '-[HyperTests.ClipStoreTests testClearingTheHistoryCannotBeUndoneInto]' passed (0.005 seconds).
Test Case '-[HyperTests.ClipStoreTests testClearUnpinnedKeepsWhatWasDeliberatelyKept]' started.
Test Case '-[HyperTests.ClipStoreTests testClearUnpinnedKeepsWhatWasDeliberatelyKept]' passed (0.007 seconds).
Test Case '-[HyperTests.ClipStoreTests testCommittedIndexCiphertextReplayFailsClosed]' started.
Test Case '-[HyperTests.ClipStoreTests testCommittedIndexCiphertextReplayFailsClosed]' passed (0.027 seconds).
Test Case '-[HyperTests.ClipStoreTests testContentTagIsDerivedOnCaptureAndReReadOnEdit]' started.
Test Case '-[HyperTests.ClipStoreTests testContentTagIsDerivedOnCaptureAndReReadOnEdit]' passed (0.041 seconds).
Test Case '-[HyperTests.ClipStoreTests testCorruptIndexIsMovedAsideAndPayloadsSurvive]' started.
Test Case '-[HyperTests.ClipStoreTests testCorruptIndexIsMovedAsideAndPayloadsSurvive]' passed (0.014 seconds).
Test Case '-[HyperTests.ClipStoreTests testCorruptIndexRestoresBackupRebuildsPayloadsAndQuarantinesGarbage]' started.
Test Case '-[HyperTests.ClipStoreTests testCorruptIndexRestoresBackupRebuildsPayloadsAndQuarantinesGarbage]' passed (0.031 seconds).
Test Case '-[HyperTests.ClipStoreTests testDeletedTrustedInitializationMarkerCannotTurnTamperedHistoryIntoLegacy]' started.
Test Case '-[HyperTests.ClipStoreTests testDeletedTrustedInitializationMarkerCannotTurnTamperedHistoryIntoLegacy]' passed (0.008 seconds).
Test Case '-[HyperTests.ClipStoreTests testDeleteRemovesTheRecordAndEveryFileBehindIt]' started.
Test Case '-[HyperTests.ClipStoreTests testDeleteRemovesTheRecordAndEveryFileBehindIt]' passed (0.006 seconds).
Test Case '-[HyperTests.ClipStoreTests testDeletingSomethingAbsentIsHarmless]' started.
Test Case '-[HyperTests.ClipStoreTests testDeletingSomethingAbsentIsHarmless]' passed (0.003 seconds).
Test Case '-[HyperTests.ClipStoreTests testEditedDigestStopsTheOldTextFromReviningTheRow]' started.
Test Case '-[HyperTests.ClipStoreTests testEditedDigestStopsTheOldTextFromReviningTheRow]' passed (0.007 seconds).
Test Case '-[HyperTests.ClipStoreTests testEveryPersistentClipboardArtifactIsAuthenticatedAndPrivate]' started.
Test Case '-[HyperTests.ClipStoreTests testEveryPersistentClipboardArtifactIsAuthenticatedAndPrivate]' passed (0.010 seconds).
Test Case '-[HyperTests.ClipStoreTests testFlushingBeforeTheIndexLoadsLeavesTheHistoryOnDisk]' started.
Test Case '-[HyperTests.ClipStoreTests testFlushingBeforeTheIndexLoadsLeavesTheHistoryOnDisk]' passed (0.007 seconds).
Test Case '-[HyperTests.ClipStoreTests testGenerationAdvancesOnEveryChange]' started.
Test Case '-[HyperTests.ClipStoreTests testGenerationAdvancesOnEveryChange]' passed (0.005 seconds).
Test Case '-[HyperTests.ClipStoreTests testInitializedLibraryWithDeletedKeycheckAndFlippedMagicFailsClosed]' started.
Test Case '-[HyperTests.ClipStoreTests testInitializedLibraryWithDeletedKeycheckAndFlippedMagicFailsClosed]' passed (0.009 seconds).
Test Case '-[HyperTests.ClipStoreTests testInsertWritesTheRecordItsPayloadAndItsSearchText]' started.
Test Case '-[HyperTests.ClipStoreTests testInsertWritesTheRecordItsPayloadAndItsSearchText]' passed (0.007 seconds).
Test Case '-[HyperTests.ClipStoreTests testLegacyPlaintextLibraryMigratesThroughVerifiedShadowTree]' started.
Test Case '-[HyperTests.ClipStoreTests testLegacyPlaintextLibraryMigratesThroughVerifiedShadowTree]' passed (0.036 seconds).
Test Case '-[HyperTests.ClipStoreTests testMigrationFailureLeavesLegacyTreeByteIdenticalAndReadOnly]' started.
Test Case '-[HyperTests.ClipStoreTests testMigrationFailureLeavesLegacyTreeByteIdenticalAndReadOnly]' passed (0.001 seconds).
Test Case '-[HyperTests.ClipStoreTests testMissingHistoricalKeyIsReadOnlyAndPreservesEveryEncryptedByte]' started.
Test Case '-[HyperTests.ClipStoreTests testMissingHistoricalKeyIsReadOnlyAndPreservesEveryEncryptedByte]' passed (0.008 seconds).
Test Case '-[HyperTests.ClipStoreTests testMissingKeyPlusMagicTamperNeverCreatesAReplacementKey]' started.
Test Case '-[HyperTests.ClipStoreTests testMissingKeyPlusMagicTamperNeverCreatesAReplacementKey]' passed (0.007 seconds).
Test Case '-[HyperTests.ClipStoreTests testMovePinnedRewritesTheBandAndLeavesTheRestAlone]' started.
Test Case '-[HyperTests.ClipStoreTests testMovePinnedRewritesTheBandAndLeavesTheRestAlone]' passed (0.004 seconds).
Test Case '-[HyperTests.ClipStoreTests testNewerBackupWinsOverDecodableStalePrimaryAndSparesItsPayload]' started.
Test Case '-[HyperTests.ClipStoreTests testNewerBackupWinsOverDecodableStalePrimaryAndSparesItsPayload]' passed (0.031 seconds).
Test Case '-[HyperTests.ClipStoreTests testOlderPinnedEntriesAreGivenRanksOnLoad]' started.
Test Case '-[HyperTests.ClipStoreTests testOlderPinnedEntriesAreGivenRanksOnLoad]' passed (0.010 seconds).
Test Case '-[HyperTests.ClipStoreTests testOldPayloadCiphertextReplayAtSamePathIsRejectedByIndexDigest]' started.
Test Case '-[HyperTests.ClipStoreTests testOldPayloadCiphertextReplayAtSamePathIsRejectedByIndexDigest]' passed (0.011 seconds).
Test Case '-[HyperTests.ClipStoreTests testOversizedEntryKeepsItsMetadataButWritesNoPayload]' started.
Test Case '-[HyperTests.ClipStoreTests testOversizedEntryKeepsItsMetadataButWritesNoPayload]' passed (0.005 seconds).
Test Case '-[HyperTests.ClipStoreTests testPanelDeleteKeepsTheFilesUntilTheBatchIsCommitted]' started.
Test Case '-[HyperTests.ClipStoreTests testPanelDeleteKeepsTheFilesUntilTheBatchIsCommitted]' passed (0.009 seconds).
Test Case '-[HyperTests.ClipStoreTests testPartialPlaintextCleanupNeverRollsBackEncryptedLive]' started.
Test Case '-[HyperTests.ClipStoreTests testPartialPlaintextCleanupNeverRollsBackEncryptedLive]' passed (0.026 seconds).
Test Case '-[HyperTests.ClipStoreTests testPayloadCiphertextCannotBeSwappedBetweenRecordPaths]' started.
Test Case '-[HyperTests.ClipStoreTests testPayloadCiphertextCannotBeSwappedBetweenRecordPaths]' passed (0.010 seconds).
Test Case '-[HyperTests.ClipStoreTests testPayloadWriteFailureFailsDrainAndDoesNotCommitAShellRecord]' started.
Test Case '-[HyperTests.ClipStoreTests testPayloadWriteFailureFailsDrainAndDoesNotCommitAShellRecord]' passed (0.009 seconds).
Test Case '-[HyperTests.ClipStoreTests testPinningRanksTheBandInTheOrderRowsWerePinned]' started.
Test Case '-[HyperTests.ClipStoreTests testPinningRanksTheBandInTheOrderRowsWerePinned]' passed (0.004 seconds).
Test Case '-[HyperTests.ClipStoreTests testReconcileOrphansRemovesFilesWithNoRecord]' started.
Test Case '-[HyperTests.ClipStoreTests testReconcileOrphansRemovesFilesWithNoRecord]' passed (0.006 seconds).
Test Case '-[HyperTests.ClipStoreTests testReconcileOrphansSparesAPendingDeletionsFiles]' started.
Test Case '-[HyperTests.ClipStoreTests testReconcileOrphansSparesAPendingDeletionsFiles]' passed (0.009 seconds).
Test Case '-[HyperTests.ClipStoreTests testRecopyBumpsToTheTopInsteadOfDuplicating]' started.
Test Case '-[HyperTests.ClipStoreTests testRecopyBumpsToTheTopInsteadOfDuplicating]' passed (0.004 seconds).
Test Case '-[HyperTests.ClipStoreTests testRecopyPreservesPinnedStateAndSource]' started.
Test Case '-[HyperTests.ClipStoreTests testRecopyPreservesPinnedStateAndSource]' passed (0.004 seconds).
Test Case '-[HyperTests.ClipStoreTests testRecordsAreNotVisibleUntilTheIndexLoads]' started.
Test Case '-[HyperTests.ClipStoreTests testRecordsAreNotVisibleUntilTheIndexLoads]' passed (0.009 seconds).
Test Case '-[HyperTests.ClipStoreTests testRecoveryTombstonePreventsPendingDeletionFromBeingResurrected]' started.
Test Case '-[HyperTests.ClipStoreTests testRecoveryTombstonePreventsPendingDeletionFromBeingResurrected]' passed (0.011 seconds).
Test Case '-[HyperTests.ClipStoreTests testRecoveryWithoutBackupSynchronouslySolidifiesBothIndexes]' started.
Test Case '-[HyperTests.ClipStoreTests testRecoveryWithoutBackupSynchronouslySolidifiesBothIndexes]' passed (0.028 seconds).
Test Case '-[HyperTests.ClipStoreTests testRestartAfterUniqueIndexWasQuarantinedBeforeReplacementRecoversPayload]' started.
Test Case '-[HyperTests.ClipStoreTests testRestartAfterUniqueIndexWasQuarantinedBeforeReplacementRecoversPayload]' passed (0.015 seconds).
Test Case '-[HyperTests.ClipStoreTests testSearchFiltersByTermKindAndPin]' started.
Test Case '-[HyperTests.ClipStoreTests testSearchFiltersByTermKindAndPin]' passed (0.004 seconds).
Test Case '-[HyperTests.ClipStoreTests testSearchIndexIsBackfilledFromPayloadsInTheBackground]' started.
Test Case '-[HyperTests.ClipStoreTests testSearchIndexIsBackfilledFromPayloadsInTheBackground]' passed (0.012 seconds).
Test Case '-[HyperTests.ClipStoreTests testSearchSnapshotCarriesBothHalves]' started.
Test Case '-[HyperTests.ClipStoreTests testSearchSnapshotCarriesBothHalves]' passed (0.004 seconds).
Test Case '-[HyperTests.ClipStoreTests testSweepDoesNothingWhenNothingIsOverTheLimits]' started.
Test Case '-[HyperTests.ClipStoreTests testSweepDoesNothingWhenNothingIsOverTheLimits]' passed (0.009 seconds).
Test Case '-[HyperTests.ClipStoreTests testSweepEvictsByAgeAndExemptsPinned]' started.
Test Case '-[HyperTests.ClipStoreTests testSweepEvictsByAgeAndExemptsPinned]' passed (0.009 seconds).
Test Case '-[HyperTests.ClipStoreTests testSweepEvictsTheOldestOverTheCountCap]' started.
Test Case '-[HyperTests.ClipStoreTests testSweepEvictsTheOldestOverTheCountCap]' passed (0.010 seconds).
Test Case '-[HyperTests.ClipStoreTests testSweepReportsWhatItEvicted]' started.
Test Case '-[HyperTests.ClipStoreTests testSweepReportsWhatItEvicted]' passed (0.009 seconds).
Test Case '-[HyperTests.ClipStoreTests testTenThousandInsertThenImmediateEditsNeverLoseTheEditedPayload]' started.
Test Case '-[HyperTests.ClipStoreTests testTenThousandInsertThenImmediateEditsNeverLoseTheEditedPayload]' passed (44.497 seconds).
Test Case '-[HyperTests.ClipStoreTests testThumbnailBytesAreEncryptedAndStillDecodeThroughStore]' started.
Test Case '-[HyperTests.ClipStoreTests testThumbnailBytesAreEncryptedAndStillDecodeThroughStore]' passed (0.060 seconds).
Test Case '-[HyperTests.ClipStoreTests testTimedOutDrainCannotLaterCommitItsCancelledSnapshot]' started.
Test Case '-[HyperTests.ClipStoreTests testTimedOutDrainCannotLaterCommitItsCancelledSnapshot]' passed (0.026 seconds).
Test Case '-[HyperTests.ClipStoreTests testTogglePinMovesTheRowAndBackAgain]' started.
Test Case '-[HyperTests.ClipStoreTests testTogglePinMovesTheRowAndBackAgain]' passed (0.004 seconds).
Test Case '-[HyperTests.ClipStoreTests testUndoPutsADeletedBatchBackInItsPlace]' started.
Test Case '-[HyperTests.ClipStoreTests testUndoPutsADeletedBatchBackInItsPlace]' passed (0.013 seconds).
Test Case '-[HyperTests.ClipStoreTests testUndoRenumbersTheBandRatherThanRestoringAClashingRank]' started.
Test Case '-[HyperTests.ClipStoreTests testUndoRenumbersTheBandRatherThanRestoringAClashingRank]' passed (0.013 seconds).
Test Case '-[HyperTests.ClipStoreTests testUpdateTextClearsTheOversizedFlag]' started.
Test Case '-[HyperTests.ClipStoreTests testUpdateTextClearsTheOversizedFlag]' passed (0.006 seconds).
Test Case '-[HyperTests.ClipStoreTests testUpdateTextOnAnUnknownIDDoesNothing]' started.
Test Case '-[HyperTests.ClipStoreTests testUpdateTextOnAnUnknownIDDoesNothing]' passed (0.004 seconds).
Test Case '-[HyperTests.ClipStoreTests testUpdateTextRefreshesEverythingDerivedFromThePayload]' started.
Test Case '-[HyperTests.ClipStoreTests testUpdateTextRefreshesEverythingDerivedFromThePayload]' passed (0.008 seconds).
Test Case '-[HyperTests.ClipStoreTests testWrongHistoricalKeyIsExplicitAuthenticationRecoveryNotAnEmptyLibrary]' started.
Test Case '-[HyperTests.ClipStoreTests testWrongHistoricalKeyIsExplicitAuthenticationRecoveryNotAnEmptyLibrary]' passed (0.008 seconds).
Test Suite 'ClipStoreTests' passed at 2026-08-27 21:47:18.497.
	 Executed 60 tests, with 0 failures (0 unexpected) in 45.245 (45.249) seconds
Test Suite 'ClipboardVaultTests' started at 2026-08-27 21:47:18.497.
Test Case '-[HyperTests.ClipboardVaultTests testAESGCMRoundTripDoesNotExposePlaintextAndDetectsTampering]' started.
Test Case '-[HyperTests.ClipboardVaultTests testAESGCMRoundTripDoesNotExposePlaintextAndDetectsTampering]' passed (0.000 seconds).
Test Case '-[HyperTests.ClipboardVaultTests testFiveThousandSmallTextReadWriteSearchOverheadStaysBelowTenPercent]' started.
Test Case '-[HyperTests.ClipboardVaultTests testFiveThousandSmallTextReadWriteSearchOverheadStaysBelowTenPercent]' passed (5.369 seconds).
Test Case '-[HyperTests.ClipboardVaultTests testInvalidHistoricalKeyIsExportableAndNeverOverwritten]' started.
Test Case '-[HyperTests.ClipboardVaultTests testInvalidHistoricalKeyIsExportableAndNeverOverwritten]' passed (0.000 seconds).
Test Case '-[HyperTests.ClipboardVaultTests testKeychainFailureFailsClosed]' started.
Test Case '-[HyperTests.ClipboardVaultTests testKeychainFailureFailsClosed]' passed (0.000 seconds).
Test Case '-[HyperTests.ClipboardVaultTests testLegacyPlaintextCanProvisionItsFirstKey]' started.
Test Case '-[HyperTests.ClipboardVaultTests testLegacyPlaintextCanProvisionItsFirstKey]' passed (0.000 seconds).
Test Case '-[HyperTests.ClipboardVaultTests testMissingHistoricalKeyEntersReadOnlyWithoutCreatingReplacement]' started.
Test Case '-[HyperTests.ClipboardVaultTests testMissingHistoricalKeyEntersReadOnlyWithoutCreatingReplacement]' passed (0.000 seconds).
Test Case '-[HyperTests.ClipboardVaultTests testV2EnvelopeAuthenticatesStableStorageContext]' started.
Test Case '-[HyperTests.ClipboardVaultTests testV2EnvelopeAuthenticatesStableStorageContext]' passed (0.000 seconds).
Test Suite 'ClipboardVaultTests' passed at 2026-08-27 21:47:23.868.
	 Executed 7 tests, with 0 failures (0 unexpected) in 5.370 (5.371) seconds
Test Suite 'HyperPackageTests.xctest' passed at 2026-08-27 21:47:23.868.
	 Executed 67 tests, with 0 failures (0 unexpected) in 50.616 (50.620) seconds
Test Suite 'Selected tests' passed at 2026-08-27 21:47:23.868.
	 Executed 67 tests, with 0 failures (0 unexpected) in 50.616 (50.621) seconds
VAULT_BENCHMARK_5000 plain=2.234375s encrypted=2.145878s overhead=-3.96%
◇ Test run started.
↳ Testing Library Version: 1501
↳ Target Platform: arm64e-apple-macos14.0
✔ Test run with 0 tests in 0 suites passed after 0.001 seconds.
